#-----------------------------------------------------------
# Vivado v2025.2 (64-bit)
# SW Build 6299465 on Fri Nov 14 12:34:56 MST 2025
# IP Build 6300035 on Fri Nov 14 10:48:45 MST 2025
# SharedData Build 6298862 on Thu Nov 13 04:50:51 MST 2025
# Start of session at: Wed Sep  2 15:04:36 2026
# Process ID         : 399700
# Current directory  : /home/robbe-martens/unief/Burgie/tinytapeout/ttsky-group07-siliconsonics
# Command line       : vivado
# Log file           : /home/robbe-martens/unief/Burgie/tinytapeout/ttsky-group07-siliconsonics/vivado.log
# Journal file       : /home/robbe-martens/unief/Burgie/tinytapeout/ttsky-group07-siliconsonics/vivado.jou
# Running On         : local
# Platform           : Ubuntu
# Operating System   : Ubuntu 26.04 LTS
# Processor Detail   : AMD Ryzen AI 9 465 w/ Radeon 880M
# CPU Frequency      : 623.377 MHz
# CPU Physical cores : 10
# CPU Logical cores  : 20
# Host memory        : 32195 MB
# Swap memory        : 8589 MB
# Total Virtual      : 40785 MB
# Available Virtual  : 27780 MB
#-----------------------------------------------------------
start_gui
WARNING: [Board 49-26] cannot add Board Part digilentinc.com:arty-a7-100:part0:1.0 available at /home/robbe-martens/Xillinx/2025.2/data/boards/board_files/arty-a7-100/E.0/1.0/board.xml as part xc7a100tcsg324-1 specified in board_part file is either invalid or not available
WARNING: [Board 49-26] cannot add Board Part digilentinc.com:arty-a7-100:part0:1.1 available at /home/robbe-martens/Xillinx/2025.2/data/boards/board_files/arty-a7-100/E.0/1.1/board.xml as part xc7a100tcsg324-1 specified in board_part file is either invalid or not available
WARNING: [Board 49-26] cannot add Board Part digilentinc.com:arty-a7-35:part0:1.0 available at /home/robbe-martens/Xillinx/2025.2/data/boards/board_files/arty-a7-35/E.0/1.0/board.xml as part xc7a35ticsg324-1l specified in board_part file is either invalid or not available
WARNING: [Board 49-26] cannot add Board Part digilentinc.com:arty-a7-35:part0:1.1 available at /home/robbe-martens/Xillinx/2025.2/data/boards/board_files/arty-a7-35/E.0/1.1/board.xml as part xc7a35ticsg324-1l specified in board_part file is either invalid or not available
WARNING: [Board 49-26] cannot add Board Part digilentinc.com:arty-s7-25:part0:1.1 available at /home/robbe-martens/Xillinx/2025.2/data/boards/board_files/arty-s7-25/E.0/board.xml as part xc7s25csga324-1 specified in board_part file is either invalid or not available
WARNING: [Board 49-26] cannot add Board Part digilentinc.com:arty-s7-50:part0:1.1 available at /home/robbe-martens/Xillinx/2025.2/data/boards/board_files/arty-s7-50/B.0/board.xml as part xc7s50csga324-1 specified in board_part file is either invalid or not available
WARNING: [Board 49-26] cannot add Board Part digilentinc.com:arty:part0:1.1 available at /home/robbe-martens/Xillinx/2025.2/data/boards/board_files/arty/C.0/board.xml as part xc7a35ticsg324-1l specified in board_part file is either invalid or not available
WARNING: [Board 49-26] cannot add Board Part digilentinc.com:basys3:part0:1.2 available at /home/robbe-martens/Xillinx/2025.2/data/boards/board_files/basys3/C.0/board.xml as part xc7a35tcpg236-1 specified in board_part file is either invalid or not available
WARNING: [Board 49-26] cannot add Board Part digilentinc.com:cmod-s7-25:part0:1.0 available at /home/robbe-martens/Xillinx/2025.2/data/boards/board_files/cmod-s7-25/B.0/board.xml as part xc7s25csga225-1 specified in board_part file is either invalid or not available
WARNING: [Board 49-26] cannot add Board Part digilentinc.com:cmod_a7-15t:part0:1.2 available at /home/robbe-martens/Xillinx/2025.2/data/boards/board_files/cmod_a7-15t/B.0/board.xml as part xc7a15tcpg236-1 specified in board_part file is either invalid or not available
WARNING: [Board 49-26] cannot add Board Part digilentinc.com:cmod_a7-35t:part0:1.2 available at /home/robbe-martens/Xillinx/2025.2/data/boards/board_files/cmod_a7-35t/B.0/board.xml as part xc7a35tcpg236-1 specified in board_part file is either invalid or not available
WARNING: [Board 49-26] cannot add Board Part digilentinc.com:genesys2:part0:1.1 available at /home/robbe-martens/Xillinx/2025.2/data/boards/board_files/genesys2/H/board.xml as part xc7k325tffg900-2 specified in board_part file is either invalid or not available
WARNING: [Board 49-26] cannot add Board Part digilentinc.com:nexys-a7-100t:part0:1.0 available at /home/robbe-martens/Xillinx/2025.2/data/boards/board_files/nexys-a7-100t/D.0/1.0/board.xml as part xc7a100tcsg324-1 specified in board_part file is either invalid or not available
WARNING: [Board 49-26] cannot add Board Part digilentinc.com:nexys-a7-100t:part0:1.3 available at /home/robbe-martens/Xillinx/2025.2/data/boards/board_files/nexys-a7-100t/D.0/1.3/board.xml as part xc7a100tcsg324-1 specified in board_part file is either invalid or not available
WARNING: [Board 49-26] cannot add Board Part digilentinc.com:nexys-a7-50t:part0:1.0 available at /home/robbe-martens/Xillinx/2025.2/data/boards/board_files/nexys-a7-50t/D.0/1.0/board.xml as part xc7a50ticsg324-1l specified in board_part file is either invalid or not available
WARNING: [Board 49-26] cannot add Board Part digilentinc.com:nexys-a7-50t:part0:1.3 available at /home/robbe-martens/Xillinx/2025.2/data/boards/board_files/nexys-a7-50t/D.0/1.3/board.xml as part xc7a50ticsg324-1l specified in board_part file is either invalid or not available
WARNING: [Board 49-26] cannot add Board Part digilentinc.com:nexys4:part0:1.1 available at /home/robbe-martens/Xillinx/2025.2/data/boards/board_files/nexys4/B.1/board.xml as part xc7a100tcsg324-1 specified in board_part file is either invalid or not available
WARNING: [Board 49-26] cannot add Board Part digilentinc.com:nexys4_ddr:part0:1.1 available at /home/robbe-martens/Xillinx/2025.2/data/boards/board_files/nexys4_ddr/C.1/board.xml as part xc7a100tcsg324-1 specified in board_part file is either invalid or not available
WARNING: [Board 49-26] cannot add Board Part digilentinc.com:nexys_video:part0:1.1 available at /home/robbe-martens/Xillinx/2025.2/data/boards/board_files/nexys_video/A.0/1.1/board.xml as part xc7a200tsbg484-1 specified in board_part file is either invalid or not available
WARNING: [Board 49-26] cannot add Board Part digilentinc.com:nexys_video:part0:1.2 available at /home/robbe-martens/Xillinx/2025.2/data/boards/board_files/nexys_video/A.0/1.2/board.xml as part xc7a200tsbg484-1 specified in board_part file is either invalid or not available
WARNING: [Board 49-26] cannot add Board Part digilentinc.com:sword:part0:1.0 available at /home/robbe-martens/Xillinx/2025.2/data/boards/board_files/sword/C.0/board.xml as part xc7k325tffg900-2 specified in board_part file is either invalid or not available
WARNING: [Board 49-26] cannot add Board Part digilentinc.com:usb104-a7:part0:1.0 available at /home/robbe-martens/Xillinx/2025.2/data/boards/board_files/usb104-a7/B/1.0/board.xml as part xc7a100tcsg324-1 specified in board_part file is either invalid or not available
WARNING: [Board 49-26] cannot add Board Part digilentinc.com:usb104-a7:part0:1.1 available at /home/robbe-martens/Xillinx/2025.2/data/boards/board_files/usb104-a7/B/1.1/board.xml as part xc7a100tcsg324-1 specified in board_part file is either invalid or not available
WARNING: [Board 49-26] cannot add Board Part digilentinc.com:usb104-a7:part0:1.2 available at /home/robbe-martens/Xillinx/2025.2/data/boards/board_files/usb104-a7/B/1.2/board.xml as part xc7a100tcsg324-1 specified in board_part file is either invalid or not available
WARNING: [Board 49-26] cannot add Board Part digilentinc.com:usb104-a7:part0:1.3 available at /home/robbe-martens/Xillinx/2025.2/data/boards/board_files/usb104-a7/B/1.3/board.xml as part xc7a100tcsg324-1 specified in board_part file is either invalid or not available
WARNING: [Board 49-26] cannot add Board Part xilinx.com:ac701:part0:1.4 available at /home/robbe-martens/Xillinx/2025.2/data/xhub/boards/XilinxBoardStore/boards/Xilinx/ac701/1.4/board.xml as part xc7a200tfbg676-2 specified in board_part file is either invalid or not available
WARNING: [Board 49-26] cannot add Board Part xilinx.com:emb-plus-vpr-4616:part0:1.0 available at /home/robbe-martens/Xillinx/2025.2/data/xhub/boards/XilinxBoardStore/boards/Xilinx/emb-plus-vpr-4616/1.0/board.xml as part xcve2302-sfva784-2mp-e-s specified in board_part file is either invalid or not available
WARNING: [Board 49-26] cannot add Board Part xilinx.com:emb-plus-vpr-4616:part0:1.1 available at /home/robbe-martens/Xillinx/2025.2/data/xhub/boards/XilinxBoardStore/boards/Xilinx/emb-plus-vpr-4616/1.1/board.xml as part xcve2302-sfva784-2mp-e-s specified in board_part file is either invalid or not available
WARNING: [Board 49-26] cannot add Board Part xilinx.com:kc705:part0:1.6 available at /home/robbe-martens/Xillinx/2025.2/data/xhub/boards/XilinxBoardStore/boards/Xilinx/kc705/1.6/board.xml as part xc7k325tffg900-2 specified in board_part file is either invalid or not available
WARNING: [Board 49-26] cannot add Board Part xilinx.com:kc705:part0:1.7 available at /home/robbe-martens/Xillinx/2025.2/data/xhub/boards/XilinxBoardStore/boards/Xilinx/kc705/1.7/board.xml as part xc7k325tffg900-2 specified in board_part file is either invalid or not available
WARNING: [Board 49-26] cannot add Board Part xilinx.com:kcu105:part0:1.6 available at /home/robbe-martens/Xillinx/2025.2/data/xhub/boards/XilinxBoardStore/boards/Xilinx/kcu105/1.6/board.xml as part xcku040-ffva1156-2-e specified in board_part file is either invalid or not available
WARNING: [Board 49-26] cannot add Board Part xilinx.com:kcu105:part0:1.7 available at /home/robbe-martens/Xillinx/2025.2/data/xhub/boards/XilinxBoardStore/boards/Xilinx/kcu105/1.7/board.xml as part xcku040-ffva1156-2-e specified in board_part file is either invalid or not available
WARNING: [Board 49-26] cannot add Board Part xilinx.com:kcu116:part0:1.4 available at /home/robbe-martens/Xillinx/2025.2/data/xhub/boards/XilinxBoardStore/boards/Xilinx/kcu116/1.4/board.xml as part xcku5p-ffvb676-2-e specified in board_part file is either invalid or not available
WARNING: [Board 49-26] cannot add Board Part xilinx.com:kcu116:part0:1.5 available at /home/robbe-martens/Xillinx/2025.2/data/xhub/boards/XilinxBoardStore/boards/Xilinx/kcu116/1.5/board.xml as part xcku5p-ffvb676-2-e specified in board_part file is either invalid or not available
WARNING: [Board 49-26] cannot add Board Part xilinx.com:kcu1500:part0:1.2 available at /home/robbe-martens/Xillinx/2025.2/data/xhub/boards/XilinxBoardStore/boards/Xilinx/kcu1500/1.2/board.xml as part xcku115-flvb2104-2-e specified in board_part file is either invalid or not available
WARNING: [Board 49-26] cannot add Board Part xilinx.com:scu35:part0:1.0 available at /home/robbe-martens/Xillinx/2025.2/data/xhub/boards/XilinxBoardStore/boards/Xilinx/scu35/1.0/board.xml as part xcsu35p-sbvb625-2-e specified in board_part file is either invalid or not available
WARNING: [Board 49-26] cannot add Board Part xilinx.com:sp701:part0:1.0 available at /home/robbe-martens/Xillinx/2025.2/data/xhub/boards/XilinxBoardStore/boards/Xilinx/sp701/1.0/board.xml as part xc7s100fgga676-2 specified in board_part file is either invalid or not available
WARNING: [Board 49-26] cannot add Board Part xilinx.com:sp701:part0:1.1 available at /home/robbe-martens/Xillinx/2025.2/data/xhub/boards/XilinxBoardStore/boards/Xilinx/sp701/1.1/board.xml as part xc7s100fgga676-2 specified in board_part file is either invalid or not available
WARNING: [Board 49-26] cannot add Board Part xilinx.com:v80:part0:1.0 available at /home/robbe-martens/Xillinx/2025.2/data/xhub/boards/XilinxBoardStore/boards/Xilinx/v80/1.0/board.xml as part xcv80-lsva4737-2mhp-e-s specified in board_part file is either invalid or not available
WARNING: [Board 49-26] cannot add Board Part xilinx.com:vc707:part0:1.4 available at /home/robbe-martens/Xillinx/2025.2/data/xhub/boards/XilinxBoardStore/boards/Xilinx/vc707/1.4/board.xml as part xc7vx485tffg1761-2 specified in board_part file is either invalid or not available
WARNING: [Board 49-26] cannot add Board Part xilinx.com:vc707:part0:1.5 available at /home/robbe-martens/Xillinx/2025.2/data/xhub/boards/XilinxBoardStore/boards/Xilinx/vc707/1.5/board.xml as part xc7vx485tffg1761-2 specified in board_part file is either invalid or not available
WARNING: [Board 49-26] cannot add Board Part xilinx.com:vc709:part0:1.8 available at /home/robbe-martens/Xillinx/2025.2/data/xhub/boards/XilinxBoardStore/boards/Xilinx/vc709/1.8/board.xml as part xc7vx690tffg1761-2 specified in board_part file is either invalid or not available
WARNING: [Board 49-26] cannot add Board Part xilinx.com:vck190:part0:2.2 available at /home/robbe-martens/Xillinx/2025.2/data/xhub/boards/XilinxBoardStore/boards/Xilinx/vck190/production/2.2/board.xml as part xcvc1902-vsva2197-2mp-e-s specified in board_part file is either invalid or not available
WARNING: [Board 49-26] cannot add Board Part xilinx.com:vck190:part0:3.0 available at /home/robbe-martens/Xillinx/2025.2/data/xhub/boards/XilinxBoardStore/boards/Xilinx/vck190/production/3.0/board.xml as part xcvc1902-vsva2197-2mp-e-s specified in board_part file is either invalid or not available
WARNING: [Board 49-26] cannot add Board Part xilinx.com:vck190:part0:3.1 available at /home/robbe-martens/Xillinx/2025.2/data/xhub/boards/XilinxBoardStore/boards/Xilinx/vck190/production/3.1/board.xml as part xcvc1902-vsva2197-2mp-e-s specified in board_part file is either invalid or not available
WARNING: [Board 49-26] cannot add Board Part xilinx.com:vck190:part0:3.2 available at /home/robbe-martens/Xillinx/2025.2/data/xhub/boards/XilinxBoardStore/boards/Xilinx/vck190/production/3.2/board.xml as part xcvc1902-vsva2197-2mp-e-s specified in board_part file is either invalid or not available
WARNING: [Board 49-26] cannot add Board Part xilinx.com:vck190:part0:3.3 available at /home/robbe-martens/Xillinx/2025.2/data/xhub/boards/XilinxBoardStore/boards/Xilinx/vck190/production/3.3/board.xml as part xcvc1902-vsva2197-2mp-e-s specified in board_part file is either invalid or not available
WARNING: [Board 49-26] cannot add Board Part xilinx.com:vck190:part0:3.4 available at /home/robbe-martens/Xillinx/2025.2/data/xhub/boards/XilinxBoardStore/boards/Xilinx/vck190/production/3.4/board.xml as part xcvc1902-vsva2197-2mp-e-s specified in board_part file is either invalid or not available
WARNING: [Board 49-26] cannot add Board Part xilinx.com:vck190_newl:part0:1.0 available at /home/robbe-martens/Xillinx/2025.2/data/xhub/boards/XilinxBoardStore/boards/Xilinx/vck190_newl/production/1.0/board.xml as part xcvc1902-vsva2197-2mp-e-s specified in board_part file is either invalid or not available
WARNING: [Board 49-26] cannot add Board Part xilinx.com:vck190_newl:part0:1.1 available at /home/robbe-martens/Xillinx/2025.2/data/xhub/boards/XilinxBoardStore/boards/Xilinx/vck190_newl/production/1.1/board.xml as part xcvc1902-vsva2197-2mp-e-s specified in board_part file is either invalid or not available
WARNING: [Board 49-26] cannot add Board Part xilinx.com:vck190_newl:part0:1.2 available at /home/robbe-martens/Xillinx/2025.2/data/xhub/boards/XilinxBoardStore/boards/Xilinx/vck190_newl/production/1.2/board.xml as part xcvc1902-vsva2197-2mp-e-s specified in board_part file is either invalid or not available
WARNING: [Board 49-26] cannot add Board Part xilinx.com:vck190_newl:part0:1.3 available at /home/robbe-martens/Xillinx/2025.2/data/xhub/boards/XilinxBoardStore/boards/Xilinx/vck190_newl/production/1.3/board.xml as part xcvc1902-vsva2197-2mp-e-s specified in board_part file is either invalid or not available
WARNING: [Board 49-26] cannot add Board Part xilinx.com:vcu108:part0:1.6 available at /home/robbe-martens/Xillinx/2025.2/data/xhub/boards/XilinxBoardStore/boards/Xilinx/vcu108/1.6/board.xml as part xcvu095-ffva2104-2-e specified in board_part file is either invalid or not available
WARNING: [Board 49-26] cannot add Board Part xilinx.com:vcu108:part0:1.7 available at /home/robbe-martens/Xillinx/2025.2/data/xhub/boards/XilinxBoardStore/boards/Xilinx/vcu108/1.7/board.xml as part xcvu095-ffva2104-2-e specified in board_part file is either invalid or not available
WARNING: [Board 49-26] cannot add Board Part xilinx.com:vcu110:part0:1.4 available at /home/robbe-martens/Xillinx/2025.2/data/xhub/boards/XilinxBoardStore/boards/Xilinx/vcu110/1.4/board.xml as part xcvu190-flgc2104-2-e specified in board_part file is either invalid or not available
WARNING: [Board 49-26] cannot add Board Part xilinx.com:vcu118:part0:2.0 available at /home/robbe-martens/Xillinx/2025.2/data/xhub/boards/XilinxBoardStore/boards/Xilinx/vcu118/2.0/board.xml as part xcvu9p-flga2104-2l-e specified in board_part file is either invalid or not available
WARNING: [Board 49-26] cannot add Board Part xilinx.com:vcu118:part0:2.3 available at /home/robbe-martens/Xillinx/2025.2/data/xhub/boards/XilinxBoardStore/boards/Xilinx/vcu118/2.3/board.xml as part xcvu9p-flga2104-2l-e specified in board_part file is either invalid or not available
WARNING: [Board 49-26] cannot add Board Part xilinx.com:vcu118:part0:2.4 available at /home/robbe-martens/Xillinx/2025.2/data/xhub/boards/XilinxBoardStore/boards/Xilinx/vcu118/2.4/board.xml as part xcvu9p-flga2104-2l-e specified in board_part file is either invalid or not available
WARNING: [Board 49-26] cannot add Board Part xilinx.com:vcu128:part0:1.0 available at /home/robbe-martens/Xillinx/2025.2/data/xhub/boards/XilinxBoardStore/boards/Xilinx/vcu128/production/1.0/board.xml as part xcvu37p-fsvh2892-2l-e specified in board_part file is either invalid or not available
WARNING: [Board 49-26] cannot add Board Part xilinx.com:vcu129:part0:1.0 available at /home/robbe-martens/Xillinx/2025.2/data/xhub/boards/XilinxBoardStore/boards/Xilinx/vcu129/production/1.0/board.xml as part xcvu29p-fsga2577-2l-e specified in board_part file is either invalid or not available
WARNING: [Board 49-26] cannot add Board Part xilinx.com:vcu1525:part0:1.3 available at /home/robbe-martens/Xillinx/2025.2/data/xhub/boards/XilinxBoardStore/boards/Xilinx/vcu1525/1.3/board.xml as part xcvu9p-fsgd2104-2l-e specified in board_part file is either invalid or not available
WARNING: [Board 49-26] cannot add Board Part xilinx.com:vek280:part0:1.0 available at /home/robbe-martens/Xillinx/2025.2/data/xhub/boards/XilinxBoardStore/boards/Xilinx/vek280/production/1.0/board.xml as part xcve2802-vsvh1760-2mp-e-s specified in board_part file is either invalid or not available
WARNING: [Board 49-26] cannot add Board Part xilinx.com:vek280:part0:1.1 available at /home/robbe-martens/Xillinx/2025.2/data/xhub/boards/XilinxBoardStore/boards/Xilinx/vek280/production/1.1/board.xml as part xcve2802-vsvh1760-2mp-e-s specified in board_part file is either invalid or not available
WARNING: [Board 49-26] cannot add Board Part xilinx.com:vek280:part0:1.2 available at /home/robbe-martens/Xillinx/2025.2/data/xhub/boards/XilinxBoardStore/boards/Xilinx/vek280/production/1.2/board.xml as part xcve2802-vsvh1760-2mp-e-s specified in board_part file is either invalid or not available
WARNING: [Board 49-26] cannot add Board Part xilinx.com:vek385:part0:1.0 available at /home/robbe-martens/Xillinx/2025.2/data/xhub/boards/XilinxBoardStore/boards/Xilinx/vek385/1.0/board.xml as part xc2ve3858-ssva2112-2mp-e-s specified in board_part file is either invalid or not available
WARNING: [Board 49-26] cannot add Board Part xilinx.com:vek385:part0:1.1 available at /home/robbe-martens/Xillinx/2025.2/data/xhub/boards/XilinxBoardStore/boards/Xilinx/vek385/1.1/board.xml as part xc2ve3858-ssva2112-2mp-e-s specified in board_part file is either invalid or not available
WARNING: [Board 49-26] cannot add Board Part xilinx.com:vek385_1:part0:1.0 available at /home/robbe-martens/Xillinx/2025.2/data/xhub/boards/XilinxBoardStore/boards/Xilinx/vek385_2/1.0/board.xml as part xc2ve3858-ssva2112-2mp-e-s specified in board_part file is either invalid or not available
WARNING: [Board 49-26] cannot add Board Part xilinx.com:vhk158:part0:1.0 available at /home/robbe-martens/Xillinx/2025.2/data/xhub/boards/XilinxBoardStore/boards/Xilinx/vhk158/production/1.0/board.xml as part xcvh1582-vsva3697-2mp-e-s specified in board_part file is either invalid or not available
WARNING: [Board 49-26] cannot add Board Part xilinx.com:vhk158:part0:1.1 available at /home/robbe-martens/Xillinx/2025.2/data/xhub/boards/XilinxBoardStore/boards/Xilinx/vhk158/production/1.1/board.xml as part xcvh1582-vsva3697-2mp-e-s specified in board_part file is either invalid or not available
WARNING: [Board 49-26] cannot add Board Part xilinx.com:vhk158:part0:1.2 available at /home/robbe-martens/Xillinx/2025.2/data/xhub/boards/XilinxBoardStore/boards/Xilinx/vhk158/production/1.2/board.xml as part xcvh1582-vsva3697-2mp-e-s specified in board_part file is either invalid or not available
WARNING: [Board 49-26] cannot add Board Part xilinx.com:vmk180:part0:2.2 available at /home/robbe-martens/Xillinx/2025.2/data/xhub/boards/XilinxBoardStore/boards/Xilinx/vmk180/production/2.2/board.xml as part xcvm1802-vsva2197-2mp-e-s specified in board_part file is either invalid or not available
WARNING: [Board 49-26] cannot add Board Part xilinx.com:vmk180:part0:3.0 available at /home/robbe-martens/Xillinx/2025.2/data/xhub/boards/XilinxBoardStore/boards/Xilinx/vmk180/production/3.0/board.xml as part xcvm1802-vsva2197-2mp-e-s specified in board_part file is either invalid or not available
WARNING: [Board 49-26] cannot add Board Part xilinx.com:vmk180:part0:3.1 available at /home/robbe-martens/Xillinx/2025.2/data/xhub/boards/XilinxBoardStore/boards/Xilinx/vmk180/production/3.1/board.xml as part xcvm1802-vsva2197-2mp-e-s specified in board_part file is either invalid or not available
WARNING: [Board 49-26] cannot add Board Part xilinx.com:vmk180:part0:3.2 available at /home/robbe-martens/Xillinx/2025.2/data/xhub/boards/XilinxBoardStore/boards/Xilinx/vmk180/production/3.2/board.xml as part xcvm1802-vsva2197-2mp-e-s specified in board_part file is either invalid or not available
WARNING: [Board 49-26] cannot add Board Part xilinx.com:vmk180:part0:3.3 available at /home/robbe-martens/Xillinx/2025.2/data/xhub/boards/XilinxBoardStore/boards/Xilinx/vmk180/production/3.3/board.xml as part xcvm1802-vsva2197-2mp-e-s specified in board_part file is either invalid or not available
WARNING: [Board 49-26] cannot add Board Part xilinx.com:vmk180_newl:part0:1.0 available at /home/robbe-martens/Xillinx/2025.2/data/xhub/boards/XilinxBoardStore/boards/Xilinx/vmk180_newl/production/1.0/board.xml as part xcvm1802-vsva2197-2mp-e-s specified in board_part file is either invalid or not available
WARNING: [Board 49-26] cannot add Board Part xilinx.com:vmk180_newl:part0:1.1 available at /home/robbe-martens/Xillinx/2025.2/data/xhub/boards/XilinxBoardStore/boards/Xilinx/vmk180_newl/production/1.1/board.xml as part xcvm1802-vsva2197-2mp-e-s specified in board_part file is either invalid or not available
WARNING: [Board 49-26] cannot add Board Part xilinx.com:vpk120:part0:1.0 available at /home/robbe-martens/Xillinx/2025.2/data/xhub/boards/XilinxBoardStore/boards/Xilinx/vpk120/production/1.0/board.xml as part xcvp1202-vsva2785-2mp-e-s specified in board_part file is either invalid or not available
WARNING: [Board 49-26] cannot add Board Part xilinx.com:vpk120:part0:1.1 available at /home/robbe-martens/Xillinx/2025.2/data/xhub/boards/XilinxBoardStore/boards/Xilinx/vpk120/production/1.1/board.xml as part xcvp1202-vsva2785-2mp-e-s specified in board_part file is either invalid or not available
WARNING: [Board 49-26] cannot add Board Part xilinx.com:vpk120:part0:1.2 available at /home/robbe-martens/Xillinx/2025.2/data/xhub/boards/XilinxBoardStore/boards/Xilinx/vpk120/production/1.2/board.xml as part xcvp1202-vsva2785-2mp-e-s specified in board_part file is either invalid or not available
WARNING: [Board 49-26] cannot add Board Part xilinx.com:vpk180:part0:1.0 available at /home/robbe-martens/Xillinx/2025.2/data/xhub/boards/XilinxBoardStore/boards/Xilinx/vpk180/production/1.0/board.xml as part xcvp1802-lsvc4072-2mp-e-s specified in board_part file is either invalid or not available
WARNING: [Board 49-26] cannot add Board Part xilinx.com:vpk180:part0:1.1 available at /home/robbe-martens/Xillinx/2025.2/data/xhub/boards/XilinxBoardStore/boards/Xilinx/vpk180/production/1.1/board.xml as part xcvp1802-lsvc4072-2mp-e-s specified in board_part file is either invalid or not available
WARNING: [Board 49-26] cannot add Board Part xilinx.com:vpk180:part0:1.2 available at /home/robbe-martens/Xillinx/2025.2/data/xhub/boards/XilinxBoardStore/boards/Xilinx/vpk180/production/1.2/board.xml as part xcvp1802-lsvc4072-2mp-e-s specified in board_part file is either invalid or not available
WARNING: [Board 49-26] cannot add Board Part xilinx.com:vrk160:part0:1.0 available at /home/robbe-martens/Xillinx/2025.2/data/xhub/boards/XilinxBoardStore/boards/Xilinx/vrk160/1.0/board.xml as part xcvr1602-vsva2488-2mp-e-s-es1 specified in board_part file is either invalid or not available
WARNING: [Board 49-26] cannot add Board Part xilinx.com:vrk160:part0:1.1 available at /home/robbe-martens/Xillinx/2025.2/data/xhub/boards/XilinxBoardStore/boards/Xilinx/vrk160/1.1/board.xml as part xcvr1602-vsva2488-2mp-e-s-es1 specified in board_part file is either invalid or not available
WARNING: [Board 49-26] cannot add Board Part xilinx.com:zcu208ld:part0:2.0 available at /home/robbe-martens/Xillinx/2025.2/data/xhub/boards/XilinxBoardStore/boards/Xilinx/zcu208ld/production/2.0/board.xml as part xczu58dr-fsvg1517-2-i specified in board_part file is either invalid or not available
WARNING: [Board 49-26] cannot add Board Part xilinx.com:zcu216ld:part0:2.0 available at /home/robbe-martens/Xillinx/2025.2/data/xhub/boards/XilinxBoardStore/boards/Xilinx/zcu216ld/production/2.0/board.xml as part xczu59dr-ffvf1760-2-i specified in board_part file is either invalid or not available
WARNING: [Board 49-26] cannot add Board Part xilinx.com:zcu670ld:part0:1.0 available at /home/robbe-martens/Xillinx/2025.2/data/xhub/boards/XilinxBoardStore/boards/Xilinx/zcu670ld/1.0/board.xml as part xczu57dr-fsve1156-2-i specified in board_part file is either invalid or not available
WARNING: [Board 49-26] cannot add Board Part digilentinc.com:arty-a7-100:part0:1.0 available at /home/robbe-martens/Xillinx/2025.2/data/boards/board_files/arty-a7-100/E.0/1.0/board.xml as part xc7a100tcsg324-1 specified in board_part file is either invalid or not available
WARNING: [Board 49-26] cannot add Board Part digilentinc.com:arty-a7-100:part0:1.1 available at /home/robbe-martens/Xillinx/2025.2/data/boards/board_files/arty-a7-100/E.0/1.1/board.xml as part xc7a100tcsg324-1 specified in board_part file is either invalid or not available
WARNING: [Board 49-26] cannot add Board Part digilentinc.com:arty-a7-35:part0:1.0 available at /home/robbe-martens/Xillinx/2025.2/data/boards/board_files/arty-a7-35/E.0/1.0/board.xml as part xc7a35ticsg324-1l specified in board_part file is either invalid or not available
WARNING: [Board 49-26] cannot add Board Part digilentinc.com:arty-a7-35:part0:1.1 available at /home/robbe-martens/Xillinx/2025.2/data/boards/board_files/arty-a7-35/E.0/1.1/board.xml as part xc7a35ticsg324-1l specified in board_part file is either invalid or not available
WARNING: [Board 49-26] cannot add Board Part digilentinc.com:arty-s7-25:part0:1.1 available at /home/robbe-martens/Xillinx/2025.2/data/boards/board_files/arty-s7-25/E.0/board.xml as part xc7s25csga324-1 specified in board_part file is either invalid or not available
WARNING: [Board 49-26] cannot add Board Part digilentinc.com:arty-s7-50:part0:1.1 available at /home/robbe-martens/Xillinx/2025.2/data/boards/board_files/arty-s7-50/B.0/board.xml as part xc7s50csga324-1 specified in board_part file is either invalid or not available
WARNING: [Board 49-26] cannot add Board Part digilentinc.com:arty:part0:1.1 available at /home/robbe-martens/Xillinx/2025.2/data/boards/board_files/arty/C.0/board.xml as part xc7a35ticsg324-1l specified in board_part file is either invalid or not available
WARNING: [Board 49-26] cannot add Board Part digilentinc.com:basys3:part0:1.2 available at /home/robbe-martens/Xillinx/2025.2/data/boards/board_files/basys3/C.0/board.xml as part xc7a35tcpg236-1 specified in board_part file is either invalid or not available
WARNING: [Board 49-26] cannot add Board Part digilentinc.com:cmod-s7-25:part0:1.0 available at /home/robbe-martens/Xillinx/2025.2/data/boards/board_files/cmod-s7-25/B.0/board.xml as part xc7s25csga225-1 specified in board_part file is either invalid or not available
WARNING: [Board 49-26] cannot add Board Part digilentinc.com:cmod_a7-15t:part0:1.2 available at /home/robbe-martens/Xillinx/2025.2/data/boards/board_files/cmod_a7-15t/B.0/board.xml as part xc7a15tcpg236-1 specified in board_part file is either invalid or not available
WARNING: [Board 49-26] cannot add Board Part digilentinc.com:cmod_a7-35t:part0:1.2 available at /home/robbe-martens/Xillinx/2025.2/data/boards/board_files/cmod_a7-35t/B.0/board.xml as part xc7a35tcpg236-1 specified in board_part file is either invalid or not available
WARNING: [Board 49-26] cannot add Board Part digilentinc.com:genesys2:part0:1.1 available at /home/robbe-martens/Xillinx/2025.2/data/boards/board_files/genesys2/H/board.xml as part xc7k325tffg900-2 specified in board_part file is either invalid or not available
INFO: [Common 17-14] Message 'Board 49-26' appears 100 times and further instances of the messages will be disabled. Use the Tcl command set_msg_config to change the current settings.
Gtk-Message: 15:08:33.495: Not loading module "atk-bridge": The functionality is provided by GTK natively. Please try to not load it.
create_project phased_array /home/robbe-martens/unief/Burgie/tinytapeout/vivado/phased_array/phased_array -part xc7z010clg400-1
INFO: [IP_Flow 19-234] Refreshing IP repositories
INFO: [IP_Flow 19-1704] No user IP repositories specified
INFO: [IP_Flow 19-2313] Loaded Vivado IP repository '/home/robbe-martens/Xillinx/2025.2/data/ip'.
set_property board_part digilentinc.com:zybo-z7-10:part0:1.2 [current_project]
add_files -norecurse {/home/robbe-martens/unief/Burgie/tinytapeout/ttsky-group07-siliconsonics/src/iq_demodulation.v /home/robbe-martens/unief/Burgie/tinytapeout/ttsky-group07-siliconsonics/src/echo_timing.v /home/robbe-martens/unief/Burgie/tinytapeout/ttsky-group07-siliconsonics/src/main.v /home/robbe-martens/unief/Burgie/tinytapeout/ttsky-group07-siliconsonics/src/hardware_controller.v /home/robbe-martens/unief/Burgie/tinytapeout/ttsky-group07-siliconsonics/src/project.v /home/robbe-martens/unief/Burgie/tinytapeout/ttsky-group07-siliconsonics/src/angle_estimation.v}
update_compile_order -fileset sources_1
WARNING: [filemgmt 56-199] Attempt to get parsing info during refresh. "On-the-fly" syntax checking information may be incorrect. [/home/robbe-martens/unief/Burgie/tinytapeout/ttsky-group07-siliconsonics/src/iq_demodulation.v:]
WARNING: [filemgmt 56-199] Attempt to get parsing info during refresh. "On-the-fly" syntax checking information may be incorrect. [/home/robbe-martens/unief/Burgie/tinytapeout/ttsky-group07-siliconsonics/src/angle_estimation.v:]
WARNING: [filemgmt 56-199] Attempt to get parsing info during refresh. "On-the-fly" syntax checking information may be incorrect. [/home/robbe-martens/unief/Burgie/tinytapeout/ttsky-group07-siliconsonics/src/angle_estimation.v:]
WARNING: [filemgmt 56-199] Attempt to get parsing info during refresh. "On-the-fly" syntax checking information may be incorrect. [/home/robbe-martens/unief/Burgie/tinytapeout/ttsky-group07-siliconsonics/src/angle_estimation.v:]
WARNING: [filemgmt 56-199] Attempt to get parsing info during refresh. "On-the-fly" syntax checking information may be incorrect. [/home/robbe-martens/unief/Burgie/tinytapeout/ttsky-group07-siliconsonics/src/iq_demodulation.v:]
WARNING: [filemgmt 56-199] Attempt to get parsing info during refresh. "On-the-fly" syntax checking information may be incorrect. [/home/robbe-martens/unief/Burgie/tinytapeout/ttsky-group07-siliconsonics/src/echo_timing.v:]
WARNING: [filemgmt 56-199] Attempt to get parsing info during refresh. "On-the-fly" syntax checking information may be incorrect. [/home/robbe-martens/unief/Burgie/tinytapeout/ttsky-group07-siliconsonics/src/angle_estimation.v:]
WARNING: [filemgmt 56-199] Attempt to get parsing info during refresh. "On-the-fly" syntax checking information may be incorrect. [/home/robbe-martens/unief/Burgie/tinytapeout/ttsky-group07-siliconsonics/src/iq_demodulation.v:]
WARNING: [filemgmt 56-199] Attempt to get parsing info during refresh. "On-the-fly" syntax checking information may be incorrect. [/home/robbe-martens/unief/Burgie/tinytapeout/ttsky-group07-siliconsonics/src/iq_demodulation.v:]
WARNING: [filemgmt 56-199] Attempt to get parsing info during refresh. "On-the-fly" syntax checking information may be incorrect. [/home/robbe-martens/unief/Burgie/tinytapeout/ttsky-group07-siliconsonics/src/iq_demodulation.v:]
WARNING: [filemgmt 56-199] Attempt to get parsing info during refresh. "On-the-fly" syntax checking information may be incorrect. [/home/robbe-martens/unief/Burgie/tinytapeout/ttsky-group07-siliconsonics/src/echo_timing.v:]
WARNING: [filemgmt 56-199] Attempt to get parsing info during refresh. "On-the-fly" syntax checking information may be incorrect. [/home/robbe-martens/unief/Burgie/tinytapeout/ttsky-group07-siliconsonics/src/angle_estimation.v:]
WARNING: [filemgmt 56-199] Attempt to get parsing info during refresh. "On-the-fly" syntax checking information may be incorrect. [/home/robbe-martens/unief/Burgie/tinytapeout/ttsky-group07-siliconsonics/src/echo_timing.v:]
WARNING: [filemgmt 56-199] Attempt to get parsing info during refresh. "On-the-fly" syntax checking information may be incorrect. [/home/robbe-martens/unief/Burgie/tinytapeout/ttsky-group07-siliconsonics/src/echo_timing.v:]
set_property SOURCE_SET sources_1 [get_filesets sim_1]
add_files -fileset sim_1 -norecurse /home/robbe-martens/unief/Burgie/tinytapeout/ttsky-group07-siliconsonics/test/tb.v
update_compile_order -fileset sim_1
update_compile_order -fileset sim_1
launch_simulation
Command: launch_simulation 
INFO: [Vivado 12-25911] Executing simulation for 'XSim' simulator
INFO: [Project 1-5737] Running on host local (64) - Ubuntu 26.04 LTS
INFO: [Vivado 12-28535] Process started - Wed Sep  2 15:19:40 2026

INFO: [Vivado 12-12493] Simulation top is 'tb'
INFO: [Vivado 12-5682] Launching behavioral simulation in '/home/robbe-martens/unief/Burgie/tinytapeout/vivado/phased_array/phased_array/phased_array.sim/sim_1/behav/xsim'
INFO: [SIM-utils-51] Simulation object is 'sim_1'
INFO: [SIM-utils-72] Using boost library from '/home/robbe-martens/Xillinx/2025.2/tps/boost_1_72_0'
INFO: [SIM-utils-54] Inspecting design source files for 'tb' in fileset 'sim_1'...
INFO: [USF-XSim-97] Finding global include files...
INFO: [USF-XSim-98] Fetching design files from 'sim_1'...
INFO: [USF-XSim-2] XSim::Compile design
INFO: [USF-XSim-61] Executing 'COMPILE and ANALYZE' step in '/home/robbe-martens/unief/Burgie/tinytapeout/vivado/phased_array/phased_array/phased_array.sim/sim_1/behav/xsim'
xvlog --incr --relax -prj tb_vlog.prj
INFO: [VRFC 10-2263] Analyzing Verilog file "/home/robbe-martens/unief/Burgie/tinytapeout/ttsky-group07-siliconsonics/src/angle_estimation.v" into library xil_defaultlib
INFO: [VRFC 10-311] analyzing module atan2_cordic
INFO: [VRFC 10-311] analyzing module atan2_cordic_16b
INFO: [VRFC 10-311] analyzing module phase_difference_calculator
INFO: [VRFC 10-311] analyzing module phase_difference_to_angle
INFO: [VRFC 10-2263] Analyzing Verilog file "/home/robbe-martens/unief/Burgie/tinytapeout/ttsky-group07-siliconsonics/src/echo_timing.v" into library xil_defaultlib
INFO: [VRFC 10-311] analyzing module first_echo_timing
INFO: [VRFC 10-311] analyzing module echo_angle_detector
INFO: [VRFC 10-2263] Analyzing Verilog file "/home/robbe-martens/unief/Burgie/tinytapeout/ttsky-group07-siliconsonics/src/hardware_controller.v" into library xil_defaultlib
INFO: [VRFC 10-311] analyzing module transducer_ping_generator
INFO: [VRFC 10-311] analyzing module ultrasonic_mic_powerup_sequence
INFO: [VRFC 10-2263] Analyzing Verilog file "/home/robbe-martens/unief/Burgie/tinytapeout/ttsky-group07-siliconsonics/src/iq_demodulation.v" into library xil_defaultlib
INFO: [VRFC 10-311] analyzing module clk_div_10
INFO: [VRFC 10-311] analyzing module ref_sig
INFO: [VRFC 10-311] analyzing module correlator
INFO: [VRFC 10-311] analyzing module windowed_iq_demodulator
INFO: [VRFC 10-311] analyzing module first_echo_timing
WARNING: [VRFC 10-3609] overwriting previous definition of module 'first_echo_timing' [/home/robbe-martens/unief/Burgie/tinytapeout/ttsky-group07-siliconsonics/src/iq_demodulation.v:207]
INFO: [VRFC 10-2263] Analyzing Verilog file "/home/robbe-martens/unief/Burgie/tinytapeout/ttsky-group07-siliconsonics/src/main.v" into library xil_defaultlib
INFO: [VRFC 10-311] analyzing module main
INFO: [VRFC 10-311] analyzing module data_mux
INFO: [VRFC 10-2263] Analyzing Verilog file "/home/robbe-martens/unief/Burgie/tinytapeout/ttsky-group07-siliconsonics/src/project.v" into library xil_defaultlib
INFO: [VRFC 10-311] analyzing module tt_um_siliconsonics
INFO: [VRFC 10-2263] Analyzing Verilog file "/home/robbe-martens/unief/Burgie/tinytapeout/ttsky-group07-siliconsonics/test/tb.v" into library xil_defaultlib
INFO: [VRFC 10-311] analyzing module tb
INFO: [VRFC 10-2263] Analyzing Verilog file "/home/robbe-martens/unief/Burgie/tinytapeout/vivado/phased_array/phased_array/phased_array.sim/sim_1/behav/xsim/glbl.v" into library xil_defaultlib
INFO: [VRFC 10-311] analyzing module glbl
Waiting for jobs to finish...
No pending jobs, compilation finished.
INFO: [USF-XSim-69] 'compile' step finished in '1' seconds
INFO: [USF-XSim-3] XSim::Elaborate design
INFO: [USF-XSim-61] Executing 'ELABORATE' step in '/home/robbe-martens/unief/Burgie/tinytapeout/vivado/phased_array/phased_array/phased_array.sim/sim_1/behav/xsim'
xelab --incr --debug typical --relax --mt 8 -L xil_defaultlib -L unisims_ver -L unimacro_ver -L secureip --snapshot tb_behav xil_defaultlib.tb xil_defaultlib.glbl -log elaborate.log
Vivado Simulator v2025.2
Copyright 1986-2022 Xilinx, Inc. All Rights Reserved.
Copyright 2022-2025 Advanced Micro Devices, Inc. All Rights Reserved.
Running: /home/robbe-martens/Xillinx/2025.2/Vivado/bin/unwrapped/lnx64.o/xelab --incr --debug typical --relax --mt 8 -L xil_defaultlib -L unisims_ver -L unimacro_ver -L secureip --snapshot tb_behav xil_defaultlib.tb xil_defaultlib.glbl -log elaborate.log 
Using 8 slave threads.
WARNING: [XSIM 43-3431] One or more environment variables have been detected which affect the operation of the C compiler. These are typically not set in standard installations and are not tested by AMD, however they may be appropriate for your system, so the flow will attempt to continue.  If errors occur, try running xelab with the "-mt off -v 1" switches to see more information from the C compiler. The following environment variables have been detected:
    LIBRARY_PATH
Starting static elaboration
Pass Through NonSizing Optimizer
WARNING: [VRFC 10-3091] actual bit length 12 differs from formal bit length 6 for port 'angle_out' [/home/robbe-martens/unief/Burgie/tinytapeout/ttsky-group07-siliconsonics/src/main.v:33]
Completed static elaboration
Starting simulation data flow analysis
WARNING: [XSIM 43-4099] "/home/robbe-martens/unief/Burgie/tinytapeout/ttsky-group07-siliconsonics/src/project.v" Line 8. Module tt_um_siliconsonics doesn't have a timescale but at least one module in design has a timescale.
WARNING: [XSIM 43-4099] "/home/robbe-martens/unief/Burgie/tinytapeout/ttsky-group07-siliconsonics/src/main.v" Line 3. Module main doesn't have a timescale but at least one module in design has a timescale.
WARNING: [XSIM 43-4099] "/home/robbe-martens/unief/Burgie/tinytapeout/ttsky-group07-siliconsonics/src/iq_demodulation.v" Line 5. Module clk_div_10 doesn't have a timescale but at least one module in design has a timescale.
WARNING: [XSIM 43-4099] "/home/robbe-martens/unief/Burgie/tinytapeout/ttsky-group07-siliconsonics/src/echo_timing.v" Line 61. Module echo_angle_detector doesn't have a timescale but at least one module in design has a timescale.
WARNING: [XSIM 43-4099] "/home/robbe-martens/unief/Burgie/tinytapeout/ttsky-group07-siliconsonics/src/iq_demodulation.v" Line 107. Module windowed_iq_demodulator doesn't have a timescale but at least one module in design has a timescale.
WARNING: [XSIM 43-4099] "/home/robbe-martens/unief/Burgie/tinytapeout/ttsky-group07-siliconsonics/src/iq_demodulation.v" Line 29. Module ref_sig doesn't have a timescale but at least one module in design has a timescale.
WARNING: [XSIM 43-4099] "/home/robbe-martens/unief/Burgie/tinytapeout/ttsky-group07-siliconsonics/src/iq_demodulation.v" Line 73. Module correlator doesn't have a timescale but at least one module in design has a timescale.
WARNING: [XSIM 43-4099] "/home/robbe-martens/unief/Burgie/tinytapeout/ttsky-group07-siliconsonics/src/iq_demodulation.v" Line 73. Module correlator doesn't have a timescale but at least one module in design has a timescale.
WARNING: [XSIM 43-4099] "/home/robbe-martens/unief/Burgie/tinytapeout/ttsky-group07-siliconsonics/src/iq_demodulation.v" Line 107. Module windowed_iq_demodulator doesn't have a timescale but at least one module in design has a timescale.
WARNING: [XSIM 43-4099] "/home/robbe-martens/unief/Burgie/tinytapeout/ttsky-group07-siliconsonics/src/iq_demodulation.v" Line 29. Module ref_sig doesn't have a timescale but at least one module in design has a timescale.
WARNING: [XSIM 43-4099] "/home/robbe-martens/unief/Burgie/tinytapeout/ttsky-group07-siliconsonics/src/iq_demodulation.v" Line 73. Module correlator doesn't have a timescale but at least one module in design has a timescale.
WARNING: [XSIM 43-4099] "/home/robbe-martens/unief/Burgie/tinytapeout/ttsky-group07-siliconsonics/src/iq_demodulation.v" Line 73. Module correlator doesn't have a timescale but at least one module in design has a timescale.
WARNING: [XSIM 43-4099] "/home/robbe-martens/unief/Burgie/tinytapeout/ttsky-group07-siliconsonics/src/angle_estimation.v" Line 120. Module atan2_cordic_16b doesn't have a timescale but at least one module in design has a timescale.
WARNING: [XSIM 43-4099] "/home/robbe-martens/unief/Burgie/tinytapeout/ttsky-group07-siliconsonics/src/angle_estimation.v" Line 308. Module phase_difference_to_angle doesn't have a timescale but at least one module in design has a timescale.
WARNING: [XSIM 43-4099] "/home/robbe-martens/unief/Burgie/tinytapeout/ttsky-group07-siliconsonics/src/hardware_controller.v" Line 3. Module transducer_ping_generator doesn't have a timescale but at least one module in design has a timescale.
WARNING: [XSIM 43-4099] "/home/robbe-martens/unief/Burgie/tinytapeout/ttsky-group07-siliconsonics/src/hardware_controller.v" Line 61. Module ultrasonic_mic_powerup_sequence doesn't have a timescale but at least one module in design has a timescale.
WARNING: [XSIM 43-4099] "/home/robbe-martens/unief/Burgie/tinytapeout/ttsky-group07-siliconsonics/src/main.v" Line 59. Module data_mux doesn't have a timescale but at least one module in design has a timescale.
WARNING: [XSIM 43-4099] "/home/robbe-martens/unief/Burgie/tinytapeout/ttsky-group07-siliconsonics/src/angle_estimation.v" Line 30. Module atan2_cordic doesn't have a timescale but at least one module in design has a timescale.
WARNING: [XSIM 43-4099] "/home/robbe-martens/unief/Burgie/tinytapeout/ttsky-group07-siliconsonics/src/angle_estimation.v" Line 120. Module atan2_cordic_16b doesn't have a timescale but at least one module in design has a timescale.
WARNING: [XSIM 43-4099] "/home/robbe-martens/unief/Burgie/tinytapeout/ttsky-group07-siliconsonics/src/angle_estimation.v" Line 222. Module phase_difference_calculator doesn't have a timescale but at least one module in design has a timescale.
WARNING: [XSIM 43-4099] "/home/robbe-martens/unief/Burgie/tinytapeout/ttsky-group07-siliconsonics/src/angle_estimation.v" Line 30. Module atan2_cordic doesn't have a timescale but at least one module in design has a timescale.
WARNING: [XSIM 43-4099] "/home/robbe-martens/unief/Burgie/tinytapeout/ttsky-group07-siliconsonics/src/iq_demodulation.v" Line 5. Module clk_div_10 doesn't have a timescale but at least one module in design has a timescale.
WARNING: [XSIM 43-4099] "/home/robbe-martens/unief/Burgie/tinytapeout/ttsky-group07-siliconsonics/src/echo_timing.v" Line 61. Module echo_angle_detector doesn't have a timescale but at least one module in design has a timescale.
WARNING: [XSIM 43-4099] "/home/robbe-martens/unief/Burgie/tinytapeout/ttsky-group07-siliconsonics/src/iq_demodulation.v" Line 107. Module windowed_iq_demodulator doesn't have a timescale but at least one module in design has a timescale.
WARNING: [XSIM 43-4099] "/home/robbe-martens/unief/Burgie/tinytapeout/ttsky-group07-siliconsonics/src/iq_demodulation.v" Line 29. Module ref_sig doesn't have a timescale but at least one module in design has a timescale.
WARNING: [XSIM 43-4099] "/home/robbe-martens/unief/Burgie/tinytapeout/ttsky-group07-siliconsonics/src/iq_demodulation.v" Line 73. Module correlator doesn't have a timescale but at least one module in design has a timescale.
WARNING: [XSIM 43-4099] "/home/robbe-martens/unief/Burgie/tinytapeout/ttsky-group07-siliconsonics/src/iq_demodulation.v" Line 73. Module correlator doesn't have a timescale but at least one module in design has a timescale.
WARNING: [XSIM 43-4099] "/home/robbe-martens/unief/Burgie/tinytapeout/ttsky-group07-siliconsonics/src/iq_demodulation.v" Line 107. Module windowed_iq_demodulator doesn't have a timescale but at least one module in design has a timescale.
WARNING: [XSIM 43-4099] "/home/robbe-martens/unief/Burgie/tinytapeout/ttsky-group07-siliconsonics/src/iq_demodulation.v" Line 29. Module ref_sig doesn't have a timescale but at least one module in design has a timescale.
WARNING: [XSIM 43-4099] "/home/robbe-martens/unief/Burgie/tinytapeout/ttsky-group07-siliconsonics/src/iq_demodulation.v" Line 73. Module correlator doesn't have a timescale but at least one module in design has a timescale.
WARNING: [XSIM 43-4099] "/home/robbe-martens/unief/Burgie/tinytapeout/ttsky-group07-siliconsonics/src/iq_demodulation.v" Line 73. Module correlator doesn't have a timescale but at least one module in design has a timescale.
WARNING: [XSIM 43-4099] "/home/robbe-martens/unief/Burgie/tinytapeout/ttsky-group07-siliconsonics/src/angle_estimation.v" Line 120. Module atan2_cordic_16b doesn't have a timescale but at least one module in design has a timescale.
WARNING: [XSIM 43-4099] "/home/robbe-martens/unief/Burgie/tinytapeout/ttsky-group07-siliconsonics/src/angle_estimation.v" Line 308. Module phase_difference_to_angle doesn't have a timescale but at least one module in design has a timescale.
Completed simulation data flow analysis
Time Resolution for simulation is 1ps
Compiling module xil_defaultlib.clk_div_10
Compiling module xil_defaultlib.ref_sig
Compiling module xil_defaultlib.correlator
Compiling module xil_defaultlib.windowed_iq_demodulator
Compiling module xil_defaultlib.atan2_cordic_16b
Compiling module xil_defaultlib.phase_difference_to_angle
Compiling module xil_defaultlib.echo_angle_detector
Compiling module xil_defaultlib.transducer_ping_generator
Compiling module xil_defaultlib.ultrasonic_mic_powerup_sequence
Compiling module xil_defaultlib.main
Compiling module xil_defaultlib.data_mux
Compiling module xil_defaultlib.tt_um_siliconsonics
Compiling module xil_defaultlib.atan2_cordic
Compiling module xil_defaultlib.phase_difference_calculator
Compiling module xil_defaultlib.tb
Compiling module xil_defaultlib.glbl
Built simulation snapshot tb_behav
INFO: [USF-XSim-69] 'elaborate' step finished in '1' seconds
INFO: [USF-XSim-4] XSim::Simulate design
INFO: [USF-XSim-61] Executing 'SIMULATE' step in '/home/robbe-martens/unief/Burgie/tinytapeout/vivado/phased_array/phased_array/phased_array.sim/sim_1/behav/xsim'
INFO: [USF-XSim-98] *** Running xsim
   with args "tb_behav -key {Behavioral:sim_1:Functional:tb} -tclbatch {tb.tcl} -log {simulate.log}"
INFO: [USF-XSim-8] Loading simulator feature
Time resolution is 1 ps
source tb.tcl
# set curr_wave [current_wave_config]
# if { [string length $curr_wave] == 0 } {
#   if { [llength [get_objects]] > 0} {
#     add_wave /
#     set_property needs_save false [current_wave_config]
#   } else {
#      send_msg_id Add_Wave-1 WARNING "No top level signals found. Simulator will start without a wave window. If you want to open a wave window go to 'File->New Waveform Configuration' or type 'create_wave_config' in the TCL console."
#   }
# }
# run 1000ns
INFO: [USF-XSim-96] XSim completed. Design snapshot 'tb_behav' loaded.
INFO: [USF-XSim-97] XSim simulation ran for 1000ns
launch_simulation: Time (s): cpu = 00:00:08 ; elapsed = 00:00:06 . Memory (MB): peak = 10501.332 ; gain = 38.242 ; free physical = 6271 ; free virtual = 25297
run all
run all
run all
run all
run all
close_sim
INFO: xsimkernel Simulation Memory Usage: 281592 KB (Peak: 338864 KB), Simulation CPU Usage: 590 ms
INFO: [Simtcl 6-16] Simulation closed
exit
INFO: [Common 17-206] Exiting Vivado at Wed Sep  2 15:28:02 2026...
