#-----------------------------------------------------------
# Vivado v2025.2 (64-bit)
# SW Build 6299465 on Fri Nov 14 12:34:56 MST 2025
# IP Build 6300035 on Fri Nov 14 10:48:45 MST 2025
# SharedData Build 6298862 on Thu Nov 13 04:50:51 MST 2025
# Start of session at: Wed Sep  2 15:04:36 2026
# Process ID         : 399700
# Current directory  : /home/robbe-martens/unief/Burgie/tinytapeout/ttsky-group07-siliconsonics
# Command line       : vivado
# Log file           : /home/robbe-martens/unief/Burgie/tinytapeout/ttsky-group07-siliconsonics/vivado.log
# Journal file       : /home/robbe-martens/unief/Burgie/tinytapeout/ttsky-group07-siliconsonics/vivado.jou
# Running On         : local
# Platform           : Ubuntu
# Operating System   : Ubuntu 26.04 LTS
# Processor Detail   : AMD Ryzen AI 9 465 w/ Radeon 880M
# CPU Frequency      : 623.377 MHz
# CPU Physical cores : 10
# CPU Logical cores  : 20
# Host memory        : 32195 MB
# Swap memory        : 8589 MB
# Total Virtual      : 40785 MB
# Available Virtual  : 27780 MB
#-----------------------------------------------------------
start_gui
create_project phased_array /home/robbe-martens/unief/Burgie/tinytapeout/vivado/phased_array/phased_array -part xc7z010clg400-1
set_property board_part digilentinc.com:zybo-z7-10:part0:1.2 [current_project]
add_files -norecurse {/home/robbe-martens/unief/Burgie/tinytapeout/ttsky-group07-siliconsonics/src/iq_demodulation.v /home/robbe-martens/unief/Burgie/tinytapeout/ttsky-group07-siliconsonics/src/echo_timing.v /home/robbe-martens/unief/Burgie/tinytapeout/ttsky-group07-siliconsonics/src/main.v /home/robbe-martens/unief/Burgie/tinytapeout/ttsky-group07-siliconsonics/src/hardware_controller.v /home/robbe-martens/unief/Burgie/tinytapeout/ttsky-group07-siliconsonics/src/project.v /home/robbe-martens/unief/Burgie/tinytapeout/ttsky-group07-siliconsonics/src/angle_estimation.v}
update_compile_order -fileset sources_1
set_property SOURCE_SET sources_1 [get_filesets sim_1]
add_files -fileset sim_1 -norecurse /home/robbe-martens/unief/Burgie/tinytapeout/ttsky-group07-siliconsonics/test/tb.v
update_compile_order -fileset sim_1
update_compile_order -fileset sim_1
launch_simulation
source tb.tcl
run all
run all
run all
run all
run all
close_sim
